[    0.000000] Initializing cgroup subsys cpuset
[    0.000000] Initializing cgroup subsys cpu
[    0.000000] Initializing cgroup subsys cpuacct
[    0.000000] Linux version 4.4.0-190-generic (buildd@lcy01-amd64-026) (gcc version 5.4.0 20160609 (Ubuntu 5.4.0-6ubuntu1~16.04.12) ) #220-Ubuntu SMP Fri Aug 28 23:02:15 UTC 2020 (Ubuntu 4.4.0-190.220-generic 4.4.233)
[    0.000000] Command line: BOOT_IMAGE=/boot/vmlinuz-4.4.0-190-generic root=LABEL=cloudimg-rootfs ro console=tty1 console=ttyS0
[    0.000000] KERNEL supported cpus:
[    0.000000]   Intel GenuineIntel
[    0.000000]   AMD AuthenticAMD
[    0.000000]   Centaur CentaurHauls
[    0.000000] [Firmware Bug]: TSC doesn't count with P0 frequency!
[    0.000000] x86/fpu: xstate_offset[2]:  576, xstate_sizes[2]:  256
[    0.000000] x86/fpu: Supporting XSAVE feature 0x01: 'x87 floating point registers'
[    0.000000] x86/fpu: Supporting XSAVE feature 0x02: 'SSE registers'
[    0.000000] x86/fpu: Supporting XSAVE feature 0x04: 'AVX registers'
[    0.000000] x86/fpu: Enabled xstate features 0x7, context size is 832 bytes, using 'standard' format.
[    0.000000] e820: BIOS-provided physical RAM map:
[    0.000000] BIOS-e820: [mem 0x0000000000000000-0x000000000009fbff] usable
[    0.000000] BIOS-e820: [mem 0x000000000009fc00-0x000000000009ffff] reserved
[    0.000000] BIOS-e820: [mem 0x00000000000f0000-0x00000000000fffff] reserved
[    0.000000] BIOS-e820: [mem 0x0000000000100000-0x000000003ffeffff] usable
[    0.000000] BIOS-e820: [mem 0x000000003fff0000-0x000000003fffffff] ACPI data
[    0.000000] BIOS-e820: [mem 0x00000000fec00000-0x00000000fec00fff] reserved
[    0.000000] BIOS-e820: [mem 0x00000000fee00000-0x00000000fee00fff] reserved
[    0.000000] BIOS-e820: [mem 0x00000000fffc0000-0x00000000ffffffff] reserved
[    0.000000] NX (Execute Disable) protection: active
[    0.000000] SMBIOS 2.5 present.
[    0.000000] Hypervisor detected: KVM
[    0.000000] Kernel/User page tables isolation: disabled
[    0.000000] AGP: No AGP bridge found
[    0.000000] e820: last_pfn = 0x3fff0 max_arch_pfn = 0x400000000
[    0.000000] MTRR: Disabled
[    0.000000] x86/PAT: MTRRs disabled, skipping PAT initialization too.
[    0.000000] CPU MTRRs all blank - virtualized system.
[    0.000000] x86/PAT: Configuration [0-7]: WB  WT  UC- UC  WB  WT  UC- UC  
[    0.000000] found SMP MP-table at [mem 0x0009fff0-0x0009ffff] mapped at [ffff88000009fff0]
[    0.000000] Scanning 1 areas for low memory corruption
[    0.000000] RAMDISK: [mem 0x362de000-0x37166fff]
[    0.000000] ACPI: Early table checksum verification disabled
[    0.000000] ACPI: RSDP 0x00000000000E0000 000024 (v02 VBOX  )
[    0.000000] ACPI: XSDT 0x000000003FFF0030 00003C (v01 VBOX   VBOXXSDT 00000001 ASL  00000061)
[    0.000000] ACPI: FACP 0x000000003FFF00F0 0000F4 (v04 VBOX   VBOXFACP 00000001 ASL  00000061)
[    0.000000] ACPI: DSDT 0x000000003FFF0470 002325 (v02 VBOX   VBOXBIOS 00000002 INTL 20190509)
[    0.000000] ACPI: FACS 0x000000003FFF0200 000040
[    0.000000] ACPI: FACS 0x000000003FFF0200 000040
[    0.000000] ACPI: APIC 0x000000003FFF0240 00005C (v02 VBOX   VBOXAPIC 00000001 ASL  00000061)
[    0.000000] ACPI: SSDT 0x000000003FFF02A0 0001CC (v01 VBOX   VBOXCPUT 00000002 INTL 20190509)
[    0.000000] No NUMA configuration found
[    0.000000] Faking a node at [mem 0x0000000000000000-0x000000003ffeffff]
[    0.000000] NODE_DATA(0) allocated [mem 0x3ffeb000-0x3ffeffff]
[    0.000000] kvm-clock: Using msrs 4b564d01 and 4b564d00
[    0.000000] kvm-clock: cpu 0, msr 0:3ffe3001, primary cpu clock
[    0.000000] kvm-clock: using sched offset of 3766214193 cycles
[    0.000000] clocksource: kvm-clock: mask: 0xffffffffffffffff max_cycles: 0x1cd42e4dffb, max_idle_ns: 881590591483 ns
[    0.000000] Zone ranges:
[    0.000000]   DMA      [mem 0x0000000000001000-0x0000000000ffffff]
[    0.000000]   DMA32    [mem 0x0000000001000000-0x000000003ffeffff]
[    0.000000]   Normal   empty
[    0.000000]   Device   empty
[    0.000000] Movable zone start for each node
[    0.000000] Early memory node ranges
[    0.000000]   node   0: [mem 0x0000000000001000-0x000000000009efff]
[    0.000000]   node   0: [mem 0x0000000000100000-0x000000003ffeffff]
[    0.000000] Initmem setup node 0 [mem 0x0000000000001000-0x000000003ffeffff]
[    0.000000] ACPI: PM-Timer IO Port: 0x4008
[    0.000000] IOAPIC[0]: apic_id 2, version 32, address 0xfec00000, GSI 0-23
[    0.000000] ACPI: INT_SRC_OVR (bus 0 bus_irq 0 global_irq 2 dfl dfl)
[    0.000000] ACPI: INT_SRC_OVR (bus 0 bus_irq 9 global_irq 9 low level)
[    0.000000] Using ACPI (MADT) for SMP configuration information
[    0.000000] smpboot: Allowing 2 CPUs, 0 hotplug CPUs
[    0.000000] PM: Registered nosave memory: [mem 0x00000000-0x00000fff]
[    0.000000] PM: Registered nosave memory: [mem 0x0009f000-0x0009ffff]
[    0.000000] PM: Registered nosave memory: [mem 0x000a0000-0x000effff]
[    0.000000] PM: Registered nosave memory: [mem 0x000f0000-0x000fffff]
[    0.000000] e820: [mem 0x40000000-0xfebfffff] available for PCI devices
[    0.000000] Booting paravirtualized kernel on KVM
[    0.000000] clocksource: refined-jiffies: mask: 0xffffffff max_cycles: 0xffffffff, max_idle_ns: 7645519600211568 ns
[    0.000000] setup_percpu: NR_CPUS:512 nr_cpumask_bits:512 nr_cpu_ids:2 nr_node_ids:1
[    0.000000] PERCPU: Embedded 33 pages/cpu @ffff88003fc00000 s95512 r8192 d31464 u1048576
[    0.000000] Built 1 zonelists in Node order, mobility grouping on.  Total pages: 257912
[    0.000000] Policy zone: DMA32
[    0.000000] Kernel command line: BOOT_IMAGE=/boot/vmlinuz-4.4.0-190-generic root=LABEL=cloudimg-rootfs ro console=tty1 console=ttyS0
[    0.000000] PID hash table entries: 4096 (order: 3, 32768 bytes)
[    0.000000] AGP: Checking aperture...
[    0.000000] AGP: No AGP bridge found
[    0.000000] Memory: 997660K/1048120K available (8636K kernel code, 1337K rwdata, 4040K rodata, 1492K init, 1296K bss, 50460K reserved, 0K cma-reserved)
[    0.000000] SLUB: HWalign=64, Order=0-3, MinObjects=0, CPUs=2, Nodes=1
[    0.000000] Hierarchical RCU implementation.
[    0.000000] 	Build-time adjustment of leaf fanout to 64.
[    0.000000] 	RCU restricting CPUs from NR_CPUS=512 to nr_cpu_ids=2.
[    0.000000] RCU: Adjusting geometry for rcu_fanout_leaf=64, nr_cpu_ids=2
[    0.000000] NR_IRQS:33024 nr_irqs:440 16
[    0.000000] Console: colour VGA+ 80x25
[    0.000000] console [tty1] enabled
[    0.000000] console [ttyS0] enabled
[    0.000000] tsc: Detected 3511.738 MHz processor
[    0.195640] Calibrating delay loop (skipped) preset value.. 7023.47 BogoMIPS (lpj=14046952)
[    0.197648] pid_max: default: 32768 minimum: 301
[    0.198741] ACPI: Core revision 20150930
[    0.200567] ACPI: 2 ACPI AML tables successfully acquired and loaded
[    0.201999] Security Framework initialized
[    0.202983] Yama: becoming mindful.
[    0.203851] AppArmor: AppArmor initialized
[    0.204875] Dentry cache hash table entries: 131072 (order: 8, 1048576 bytes)
[    0.206528] Inode-cache hash table entries: 65536 (order: 7, 524288 bytes)
[    0.209237] Mount-cache hash table entries: 2048 (order: 2, 16384 bytes)
[    0.210692] Mountpoint-cache hash table entries: 2048 (order: 2, 16384 bytes)
[    0.212263] Initializing cgroup subsys io
[    0.213181] Initializing cgroup subsys memory
[    0.214204] Initializing cgroup subsys devices
[    0.215271] Initializing cgroup subsys freezer
[    0.216308] Initializing cgroup subsys net_cls
[    0.217305] Initializing cgroup subsys perf_event
[    0.218355] Initializing cgroup subsys net_prio
[    0.219390] Initializing cgroup subsys hugetlb
[    0.220388] Initializing cgroup subsys pids
[    0.221424] mce: CPU supports 0 MCE banks
[    0.222453] Last level iTLB entries: 4KB 512, 2MB 1024, 4MB 512
[    0.223683] Last level dTLB entries: 4KB 1024, 2MB 1024, 4MB 512, 1GB 0
[    0.225009] Spectre V1 : Mitigation: usercopy/swapgs barriers and __user pointer sanitization
[    0.227008] Spectre V2 : Spectre mitigation: LFENCE not serializing, switching to generic retpoline
[    0.229062] Spectre V2 : Mitigation: Full generic retpoline
[    0.230365] Spectre V2 : Spectre v2 / SpectreRSB mitigation: Filling RSB on context switch
[    0.232245] Speculative Store Bypass: Mitigation: Speculative Store Bypass disabled via prctl and seccomp
[    0.236805] Freeing SMP alternatives memory: 36K
[    0.244070] ftrace: allocating 32339 entries in 127 pages
[    0.300939] smpboot: APIC(0) Converting physical 0 to logical package 0
[    0.302464] smpboot: Max logical packages: 1
[    0.303769] x2apic enabled
[    0.304933] Switched APIC routing to physical x2apic.
[    0.307347] ..TIMER: vector=0x30 apic1=0 pin1=2 apic2=-1 pin2=-1
[    0.416797] smpboot: CPU0: AMD FX(tm)-8320 Eight-Core Processor (family: 0x15, model: 0x2, stepping: 0x0)
[    0.419171] Performance Events: Broken PMU hardware detected, using software events only.
[    0.421007] Failed to access perfctr msr (MSR c0010007 is 0)
[    0.433234] KVM setup paravirtual spinlock
[    0.435130] x86: Booting SMP configuration:
[    0.436149] .... node  #0, CPUs:      #1
[    0.437421] kvm-clock: cpu 1, msr 0:3ffe3041, secondary cpu clock
[    0.439561] mce: CPU supports 0 MCE banks
[    0.442683] x86: Booted up 1 node, 2 CPUs
[    0.443995] smpboot: Total of 2 processors activated (14046.95 BogoMIPS)
[    0.445742] devtmpfs: initialized
[    0.448801] evm: security.selinux
[    0.449682] evm: security.SMACK64
[    0.450524] evm: security.SMACK64EXEC
[    0.451382] evm: security.SMACK64TRANSMUTE
[    0.452287] evm: security.SMACK64MMAP
[    0.453136] evm: security.ima
[    0.453928] evm: security.capability
[    0.456409] clocksource: jiffies: mask: 0xffffffff max_cycles: 0xffffffff, max_idle_ns: 7645041785100000 ns
[    0.461568] futex hash table entries: 512 (order: 3, 32768 bytes)
[    0.464825] pinctrl core: initialized pinctrl subsystem
[    0.466794] RTC time:  4:13:46, date: 09/28/20
[    0.468172] NET: Registered protocol family 16
[    0.479299] cpuidle: using governor ladder
[    0.493949] cpuidle: using governor menu
[    0.496456] PCCT header not found.
[    0.499537] ACPI: bus type PCI registered
[    0.501905] acpiphp: ACPI Hot Plug PCI Controller Driver version: 0.5
[    0.505389] PCI: Using configuration type 1 for base access
[    0.507049] PCI: Using configuration type 1 for extended access
[    0.522416] ACPI: Added _OSI(Module Device)
[    0.523685] ACPI: Added _OSI(Processor Device)
[    0.524746] ACPI: Added _OSI(3.0 _SCP Extensions)
[    0.525908] ACPI: Added _OSI(Processor Aggregator Device)
[    0.527980] ACPI: Executed 1 blocks of module-level executable AML code
[    0.532354] ACPI: Interpreter enabled
[    0.533328] ACPI: (supports S0 S5)
[    0.534335] ACPI: Using IOAPIC for interrupt routing
[    0.537440] PCI: Using host bridge windows from ACPI; if necessary, use "pci=nocrs" and report a bug
[    0.543682] ACPI: PCI Root Bridge [PCI0] (domain 0000 [bus 00-ff])
[    0.545106] acpi PNP0A03:00: _OSC: OS supports [ExtendedConfig ASPM ClockPM Segments MSI]
[    0.547686] acpi PNP0A03:00: _OSC: platform does not support [PCIeCapability]
[    0.549619] acpi PNP0A03:00: _OSC: not requesting control; platform does not support [PCIeCapability]
[    0.551673] acpi PNP0A03:00: _OSC: OS requested [PCIeHotplug PME AER PCIeCapability]
[    0.553480] acpi PNP0A03:00: _OSC: platform willing to grant [PCIeHotplug PME AER]
[    0.566843] acpi PNP0A03:00: _OSC failed (AE_SUPPORT); disabling ASPM
[    0.568707] PCI host bridge to bus 0000:00
[    0.569830] pci_bus 0000:00: root bus resource [io  0x0000-0x0cf7 window]
[    0.571270] pci_bus 0000:00: root bus resource [io  0x0d00-0xffff window]
[    0.572582] pci_bus 0000:00: root bus resource [mem 0x000a0000-0x000bffff window]
[    0.574338] pci_bus 0000:00: root bus resource [mem 0x40000000-0xfdffffff window]
[    0.576152] pci_bus 0000:00: root bus resource [bus 00-ff]
[    0.578854] pci 0000:00:01.1: legacy IDE quirk: reg 0x10: [io  0x01f0-0x01f7]
[    0.580309] pci 0000:00:01.1: legacy IDE quirk: reg 0x14: [io  0x03f6]
[    0.581682] pci 0000:00:01.1: legacy IDE quirk: reg 0x18: [io  0x0170-0x0177]
[    0.583159] pci 0000:00:01.1: legacy IDE quirk: reg 0x1c: [io  0x0376]
[    0.618558] pci 0000:00:07.0: quirk: [io  0x4000-0x403f] claimed by PIIX4 ACPI
[    0.622383] pci 0000:00:07.0: quirk: [io  0x4100-0x410f] claimed by PIIX4 SMB
[    0.637953] ACPI: PCI Interrupt Link [LNKA] (IRQs 5 9 10 *11)
[    0.642904] ACPI: PCI Interrupt Link [LNKB] (IRQs 5 9 *10 11)
[    0.646438] ACPI: PCI Interrupt Link [LNKC] (IRQs 5 *9 10 11)
[    0.648357] ACPI: PCI Interrupt Link [LNKD] (IRQs 5 9 10 *11)
[    0.650288] ACPI: Enabled 2 GPEs in block 00 to 07
[    0.651894] vgaarb: setting as boot device: PCI:0000:00:02.0
[    0.653062] vgaarb: device added: PCI:0000:00:02.0,decodes=io+mem,owns=io+mem,locks=none
[    0.654852] vgaarb: loaded
[    0.655670] vgaarb: bridge control possible 0000:00:02.0
[    0.657082] SCSI subsystem initialized
[    0.658228] ACPI: bus type USB registered
[    0.659168] usbcore: registered new interface driver usbfs
[    0.660286] usbcore: registered new interface driver hub
[    0.661424] usbcore: registered new device driver usb
[    0.662898] PCI: Using ACPI for IRQ routing
[    0.664098] NetLabel: Initializing
[    0.665108] NetLabel:  domain hash size = 128
[    0.666177] NetLabel:  protocols = UNLABELED CIPSOv4
[    0.667276] NetLabel:  unlabeled traffic allowed by default
[    0.668640] amd_nb: Cannot enumerate AMD northbridges
[    0.669809] clocksource: Switched to clocksource kvm-clock
[    0.681501] AppArmor: AppArmor Filesystem Enabled
[    0.682788] pnp: PnP ACPI init
[    0.684332] pnp: PnP ACPI: found 3 devices
[    0.699760] clocksource: acpi_pm: mask: 0xffffff max_cycles: 0xffffff, max_idle_ns: 2085701024 ns
[    0.703052] NET: Registered protocol family 2
[    0.704396] TCP established hash table entries: 8192 (order: 4, 65536 bytes)
[    0.705775] TCP bind hash table entries: 8192 (order: 5, 131072 bytes)
[    0.707133] TCP: Hash tables configured (established 8192 bind 8192)
[    0.708483] UDP hash table entries: 512 (order: 2, 16384 bytes)
[    0.709739] UDP-Lite hash table entries: 512 (order: 2, 16384 bytes)
[    0.712499] NET: Registered protocol family 1
[    0.713743] pci 0000:00:00.0: Limiting direct PCI/PCI transfers
[    0.715177] pci 0000:00:01.0: Activating ISA DMA hang workarounds
[    0.716823] Unpacking initramfs...
[    0.987496] Freeing initrd memory: 14884K
[    0.988883] clocksource: tsc: mask: 0xffffffffffffffff max_cycles: 0x329ea17df1c, max_idle_ns: 440795291786 ns
[    0.991314] platform rtc_cmos: registered platform RTC device (no PNP device found)
[    0.993129] Scanning for low memory corruption every 60 seconds
[    0.995286] audit: initializing netlink subsys (disabled)
[    0.996528] audit: type=2000 audit(1601266431.994:1): initialized
[    0.998449] Initialise system trusted keyring
[    0.999960] HugeTLB registered 2 MB page size, pre-allocated 0 pages
[    1.005974] zbud: loaded
[    1.007407] VFS: Disk quotas dquot_6.6.0
[    1.008520] VFS: Dquot-cache hash table entries: 512 (order 0, 4096 bytes)
[    1.010561] squashfs: version 4.0 (2009/01/31) Phillip Lougher
[    1.013408] fuse init (API version 7.23)
[    1.014629] Key type big_key registered
[    1.015571] Allocating IMA MOK and blacklist keyrings.
[    1.018641] Key type asymmetric registered
[    1.019761] Asymmetric key parser 'x509' registered
[    1.021015] Block layer SCSI generic (bsg) driver version 0.4 loaded (major 249)
[    1.022883] io scheduler noop registered
[    1.023897] io scheduler deadline registered (default)
[    1.025106] io scheduler cfq registered
[    1.026239] pci_hotplug: PCI Hot Plug PCI Core version: 0.5
[    1.027563] pciehp: PCI Express Hot Plug Controller Driver version: 0.4
[    1.029184] ACPI: AC Adapter [AC] (on-line)
[    1.030341] input: Power Button as /devices/LNXSYSTM:00/LNXPWRBN:00/input/input0
[    1.032401] ACPI: Power Button [PWRF]
[    1.033498] input: Sleep Button as /devices/LNXSYSTM:00/LNXSLPBN:00/input/input1
[    1.035525] ACPI: Sleep Button [SLPF]
[    1.036730] GHES: HEST is not enabled!
[    1.037925] Serial: 8250/16550 driver, 32 ports, IRQ sharing enabled
[    1.059978] 00:02: ttyS0 at I/O 0x3f8 (irq = 4, base_baud = 115200) is a 16550A
[    1.066025] Linux agpgart interface v0.103
[    1.069674] loop: module loaded
[    1.071413] scsi host0: ata_piix
[    1.073930] scsi host1: ata_piix
[    1.075929] ata1: PATA max UDMA/33 cmd 0x1f0 ctl 0x3f6 bmdma 0xd000 irq 14
[    1.078302] ata2: PATA max UDMA/33 cmd 0x170 ctl 0x376 bmdma 0xd008 irq 15
[    1.079793] libphy: Fixed MDIO Bus: probed
[    1.080736] tun: Universal TUN/TAP device driver, 1.6
[    1.081889] tun: (C) 1999-2004 Max Krasnyansky <maxk@qualcomm.com>
[    1.083318] PPP generic driver version 2.4.2
[    1.084600] ehci_hcd: USB 2.0 'Enhanced' Host Controller (EHCI) Driver
[    1.086218] ehci-pci: EHCI PCI platform driver
[    1.087421] ehci-platform: EHCI generic platform driver
[    1.088755] ohci_hcd: USB 1.1 'Open' Host Controller (OHCI) Driver
[    1.090296] ohci-pci: OHCI PCI platform driver
[    1.091279] ohci-platform: OHCI generic platform driver
[    1.092467] uhci_hcd: USB Universal Host Controller Interface driver
[    1.093790] i8042: PNP: PS/2 Controller [PNP0303:PS2K,PNP0f03:PS2M] at 0x60,0x64 irq 1,12
[    1.096141] serio: i8042 KBD port at 0x60,0x64 irq 1
[    1.097189] serio: i8042 AUX port at 0x60,0x64 irq 12
[    1.098845] mousedev: PS/2 mouse device common for all mice
[    1.100901] rtc_cmos rtc_cmos: rtc core: registered rtc_cmos as rtc0
[    1.102378] input: AT Translated Set 2 keyboard as /devices/platform/i8042/serio0/input/input2
[    1.104298] rtc_cmos rtc_cmos: alarms up to one day, 114 bytes nvram
[    1.105643] i2c /dev entries driver
[    1.106721] device-mapper: uevent: version 1.0.3
[    1.107901] device-mapper: ioctl: 4.34.0-ioctl (2015-10-28) initialised: dm-devel@redhat.com
[    1.109848] ledtrig-cpu: registered to indicate activity on CPUs
[    1.111501] x86/pm: family 0x15 cpu detected, MSR saving is needed during suspending.
[    1.113461] NET: Registered protocol family 10
[    1.114823] NET: Registered protocol family 17
[    1.116063] Key type dns_resolver registered
[    1.117690] registered taskstats version 1
[    1.118731] Loading compiled-in X.509 certificates
[    1.120652] Loaded X.509 cert 'Build time autogenerated kernel key: b89e9ea735e1dbde81c7786f041ecf1d53e71c2e'
[    1.122913] zswap: loaded using pool lzo/zbud
[    1.128814] Key type trusted registered
[    1.138149] Key type encrypted registered
[    1.139239] AppArmor: AppArmor sha1 policy hashing enabled
[    1.140358] ima: No TPM chip found, activating TPM-bypass!
[    1.141562] ima: Allocated hash algorithm: sha1
[    1.142629] evm: HMAC attrs: 0x1
[    1.143796]   Magic number: 4:712:212
[    1.146519] rtc_cmos rtc_cmos: setting system clock to 2020-09-28 04:13:46 UTC (1601266426)
[    1.152129] BIOS EDD facility v0.16 2004-Jun-25, 0 devices found
[    1.154422] EDD information not available.
[    1.265093] Freeing unused kernel memory: 1492K
[    1.267824] Write protecting the kernel read-only data: 14336k
[    1.271658] Freeing unused kernel memory: 1592K
[    1.273038] Freeing unused kernel memory: 56K
Loading, please wait...
starting version 229
[    1.302771] random: udevadm: uninitialized urandom read (16 bytes read, 2 bits of entropy available)
[    1.303414] random: systemd-udevd: uninitialized urandom read (16 bytes read, 2 bits of entropy available)
[    1.303740] random: systemd-udevd: uninitialized urandom read (16 bytes read, 2 bits of entropy available)
[    1.303795] random: systemd-udevd: uninitialized urandom read (16 bytes read, 2 bits of entropy available)
[    1.303860] random: systemd-udevd: uninitialized urandom read (16 bytes read, 2 bits of entropy available)
[    1.314796] random: udevadm: uninitialized urandom read (16 bytes read, 2 bits of entropy available)
[    1.326681] random: systemd-udevd: uninitialized urandom read (16 bytes read, 2 bits of entropy available)
[    1.330498] random: udevadm: uninitialized urandom read (16 bytes read, 2 bits of entropy available)
[    1.330555] random: udevadm: uninitialized urandom read (16 bytes read, 2 bits of entropy available)
[    1.330774] random: udevadm: uninitialized urandom read (16 bytes read, 2 bits of entropy available)
[    1.381801] e1000: Intel(R) PRO/1000 Network Driver - version 7.3.21-k8-NAPI
[    1.383328] e1000: Copyright (c) 1999-2006 Intel Corporation.
[    1.385036] Fusion MPT base driver 3.04.20
[    1.386370] Copyright (c) 1999-2008 LSI Corporation
[    1.392773] Fusion MPT SPI Host driver 3.04.20
[    1.417690] AVX version of gcm_enc/dec engaged.
[    1.419084] AES CTR mode by8 optimization enabled
[    1.596333] input: ImExPS/2 Generic Explorer Mouse as /devices/platform/i8042/serio1/input/input4
[    1.751673] e1000 0000:00:03.0 eth0: (PCI:33MHz:32-bit) 02:8a:e9:cd:da:1d
[    1.753377] e1000 0000:00:03.0 eth0: Intel(R) PRO/1000 Network Connection
[    1.755777] mptbase: ioc0: Initiating bringup
[    1.757850] e1000 0000:00:03.0 enp0s3: renamed from eth0
[    1.818584] ioc0: LSI53C1030 A0: Capabilities={Initiator}
[    2.003449] scsi host2: ioc0: LSI53C1030 A0, FwRev=00000000h, Ports=1, MaxQ=256, IRQ=20
[    2.118537] scsi 2:0:0:0: Direct-Access     VBOX     HARDDISK         1.0  PQ: 0 ANSI: 5
[    2.123966] scsi target2:0:0: Beginning Domain Validation
[    2.130424] scsi target2:0:0: Domain Validation skipping write tests
[    2.131910] scsi target2:0:0: Ending Domain Validation
[    2.133363] scsi target2:0:0: asynchronous
[    2.135258] scsi 2:0:1:0: Direct-Access     VBOX     HARDDISK         1.0  PQ: 0 ANSI: 5
[    2.137452] scsi target2:0:1: Beginning Domain Validation
[    2.139786] scsi target2:0:1: Domain Validation skipping write tests
[    2.141196] scsi target2:0:1: Ending Domain Validation
[    2.142524] scsi target2:0:1: asynchronous
[    2.151219] sd 2:0:0:0: Attached scsi generic sg0 type 0
[    2.152443] sd 2:0:0:0: [sda] 20971520 512-byte logical blocks: (10.7 GB/10.0 GiB)
[    2.154462] sd 2:0:0:0: [sda] Write Protect is off
[    2.155745] sd 2:0:0:0: [sda] Incomplete mode parameter data
[    2.157077] sd 2:0:0:0: [sda] Assuming drive cache: write through
[    2.158530] sd 2:0:1:0: [sdb] 20480 512-byte logical blocks: (10.5 MB/10.0 MiB)
[    2.158686] sd 2:0:1:0: Attached scsi generic sg1 type 0
[    2.162973] sd 2:0:1:0: [sdb] Write Protect is off
[    2.164523]  sda: sda1
[    2.165298] sd 2:0:1:0: [sdb] Incomplete mode parameter data
[    2.166252] sd 2:0:0:0: [sda] Attached SCSI disk
[    2.167976] sd 2:0:1:0: [sdb] Assuming drive cache: write through
[    2.196773] sd 2:0:1:0: [sdb] Attached SCSI disk
Begin: Loading essential drivers ... [    3.706870] md: linear personality registered for level -1
[    3.713481] md: multipath personality registered for level -4
[    3.720321] md: raid0 personality registered for level 0
[    3.725928] md: raid1 personality registered for level 1
[    3.797901] raid6: sse2x1   gen()  6264 MB/s
[    3.865862] raid6: sse2x1   xor()  4554 MB/s
[    3.933930] raid6: sse2x2   gen() 10337 MB/s
[    4.002008] raid6: sse2x2   xor()  7047 MB/s
[    4.069841] raid6: sse2x4   gen() 12343 MB/s
[    4.137845] raid6: sse2x4   xor()  5526 MB/s
[    4.138985] raid6: using algorithm sse2x4 gen() 12343 MB/s
[    4.140087] raid6: .... xor() 5526 MB/s, rmw enabled
[    4.141102] raid6: using ssse3x2 recovery algorithm
[    4.143612] xor: automatically using best checksumming function:
[    4.181863]    avx       :  4077.000 MB/sec
[    4.184143] async_tx: api initialized (async)
[    4.196609] md: raid6 personality registered for level 6
[    4.198300] md: raid5 personality registered for level 5
[    4.199548] md: raid4 personality registered for level 4
[    4.207976] md: raid10 personality registered for level 10
done.
Begin: Running /scripts/init-premount ... done.
Begin: Mounting root file system ... Begin: Running /scripts/local-top ... done.
Begin: Running /scripts/local-premount ... [    4.244263] Btrfs loaded
Scanning for Btrfs filesystems
done.
Warning: fsck not present, so skipping root file system
[    4.304454] EXT4-fs (sda1): mounted filesystem with ordered data mode. Opts: (null)
done.
Begin: Running /scripts/local-bottom ... done.
Begin: Running /scripts/init-bottom ... done.
[    4.967634] systemd[1]: systemd 229 running in system mode. (+PAM +AUDIT +SELINUX +IMA +APPARMOR +SMACK +SYSVINIT +UTMP +LIBCRYPTSETUP +GCRYPT +GNUTLS +ACL +XZ -LZ4 +SECCOMP +BLKID +ELFUTILS +KMOD -IDN)
[    4.971428] systemd[1]: Detected virtualization oracle.
[    4.972661] systemd[1]: Detected architecture x86-64.

Welcome to [1mUbuntu 16.04.7 LTS[0m!

[    5.002272] systemd[1]: Set hostname to <ubuntu>.
[    5.022077] systemd[1]: Initializing machine ID from random generator.
[    5.026118] systemd[1]: Installed transient /etc/machine-id file.
[    5.681501] random: nonblocking pool is initialized
[    5.914105] systemd[1]: Listening on udev Kernel Socket.
[[0;32m  OK  [0m] Listening on udev Kernel Socket.
[    5.916683] systemd[1]: Listening on Syslog Socket.
[[0;32m  OK  [0m] Listening on Syslog Socket.
[    5.930242] systemd[1]: Listening on LVM2 metadata daemon socket.
[[0;32m  OK  [0m] Listening on LVM2 metadata daemon socket.
[    5.935961] systemd[1]: Reached target User and Group Name Lookups.
[[0;32m  OK  [0m] Reached target User and Group Name Lookups.
[    5.941625] systemd[1]: Listening on udev Control Socket.
[[0;32m  OK  [0m] Listening on udev Control Socket.
[    5.944157] systemd[1]: Started Trigger resolvconf update for networkd DNS.
[[0;32m  OK  [0m] Started Trigger resolvconf update for networkd DNS.
[    5.947187] systemd[1]: Reached target Encrypted Volumes.
[[0;32m  OK  [0m] Reached target Encrypted Volumes.
[    5.954352] systemd[1]: Created slice User and Session Slice.
[[0;32m  OK  [0m] Created slice User and Session Slice.
[    5.956789] systemd[1]: Listening on LVM2 poll daemon socket.
[[0;32m  OK  [0m] Listening on LVM2 poll daemon socket.
[    5.966099] systemd[1]: Listening on Device-mapper event daemon FIFOs.
[[0;32m  OK  [0m] Listening on Device-mapper event daemon FIFOs.
[    5.968953] systemd[1]: Listening on Journal Socket (/dev/log).
[[0;32m  OK  [0m] Listening on Journal Socket (/dev/log).
[    5.971709] systemd[1]: Reached target System Time Synchronized.
[[0;32m  OK  [0m] Reached target System Time Synchronized.
[    5.974430] systemd[1]: Reached target Swap.
[[0;32m  OK  [0m] Reached target Swap.
[    5.976644] systemd[1]: Started Forward Password Requests to Wall Directory Watch.
[[0;32m  OK  [0m] Started Forward Password Requests to Wall Directory Watch.
[    5.980678] systemd[1]: Listening on Journal Audit Socket.
[[0;32m  OK  [0m] Listening on Journal Audit Socket.
[    5.983749] systemd[1]: Listening on /dev/initctl Compatibility Named Pipe.
[[0;32m  OK  [0m] Listening on /dev/initctl Compatibility Named Pipe.
[    5.987716] systemd[1]: Set up automount Arbitrary Executable File Formats File System Automount Point.
[[0;32m  OK  [0m] Set up automount Arbitrary Executab...ats File System Automount Point.
[    5.999410] systemd[1]: Created slice System Slice.
[[0;32m  OK  [0m] Created slice System Slice.
[    6.011146] systemd[1]: Created slice system-serial\x2dgetty.slice.
[[0;32m  OK  [0m] Created slice system-serial\x2dgetty.slice.
[    6.016842] systemd[1]: Reached target Slices.
[[0;32m  OK  [0m] Reached target Slices.
[    6.021444] systemd[1]: Listening on Journal Socket.
[[0;32m  OK  [0m] Listening on Journal Socket.
[    6.042381] systemd[1]: Starting Uncomplicated firewall...
         Starting Uncomplicated firewall...
[    6.049591] systemd[1]: Mounting Huge Pages File System...
         Mounting Huge Pages File System...
[    6.056807] systemd[1]: Mounting POSIX Message Queue File System...
         Mounting POSIX Message Queue File System...
[    6.060516] systemd[1]: Starting Journal Service...
         Starting Journal Service...
[    6.063338] systemd[1]: Starting Nameserver information manager...
         Starting Nameserver information manager...
[    6.118293] systemd[1]: Starting Load Kernel Modules...
         Starting Load Kernel Modules...
[    6.125172] systemd[1]: Starting Remount Root and Kernel File Systems...
         Starting Remount Root and Kernel File Systems...
[    6.131065] systemd[1]: Starting Monitoring of LVM2 mirrors, snapshots etc. using dmeventd or progress polling...
         Starting Monitoring of LVM2 mirrors... dmeventd or progress polling...
[    6.174783] EXT4-fs (sda1): re-mounted. Opts: (null)
[    6.190053] systemd[1]: Mounting Debug File System...
         Mounting Debug File System...
[    6.196629] systemd[1]: Starting Set console keymap...
         Starting Set console keymap...
[    6.204073] systemd[1]: Starting Create list of required static device nodes for the current kernel...
         Starting Create list of required st... nodes for the current kernel...
[    6.213353] systemd[1]: Mounted Debug File System.
[[0;32m  OK  [0m] Mounted Debug File System.
[    6.226091] systemd[1]: Mounted POSIX Message Queue File System.
[[0;32m  OK  [0m] Mounted POSIX Message Queue File System.
[    6.229080] systemd[1]: Mounted Huge Pages File System.
[[0;32m  OK  [0m] Mounted Huge Pages File System.
[    6.234528] systemd[1]: Started Uncomplicated firewall.
[[0;32m  OK  [0m] Started Uncomplicated firewall.
[    6.247274] Loading iSCSI transport class v2.0-870.
[    6.260711] systemd[1]: Started Remount Root and Kernel File Systems.
[[0;32m  OK  [0m] Started Remount Root and Kernel File Systems.
[    6.268433] systemd[1]: Starting Load/Save Random Seed...
         Starting Load/Save Random Seed...
[    6.326364] systemd[1]: Starting udev Coldplug all Devices...
[    6.330027] iscsi: registered transport (tcp)
         Starting udev Coldplug all Devices...
[    6.335061] systemd[1]: Started Nameserver information manager.
[[0;32m  OK  [0m] Started Nameserver information manager.
[    6.370809] systemd[1]: Started Create list of required static device nodes for the current kernel.
[[0;32m  OK  [0m] Started Create list of required sta...ce nodes for the current kernel.
[    6.390456] systemd[1]: Starting Create Static Device Nodes in /dev...
         Starting Create Static Device Nodes in /dev...
[    6.432173] systemd[1]: Started Load/Save Random Seed.
[[0;32m  OK  [0m] Started Load/Save Random Seed.
[    6.477762] systemd[1]: Started Journal Service.
[[0;32m  OK  [0m] Started Journal Service.
         Starting Flush Journal to Persistent Storage...
[[0;32m  OK  [0m] Started udev Coldplug all Devices.
[[0;32m  OK  [0m] Started Set console keymap.
[    6.659566] systemd-journald[378]: Received request to flush runtime journal from PID 1
[[0;32m  OK  [0m] Started Flush Journal to Persistent Storage.
[    6.736390] iscsi: registered transport (iser)
[[0;32m  OK  [0m] Started LVM2 metadata daemon.
[[0;32m  OK  [0m] Started Load Kernel Modules.
         Mounting FUSE Control File System...
         Starting Apply Kernel Variables...
[[0;32m  OK  [0m] Mounted FUSE Control File System.
[[0;32m  OK  [0m] Started Apply Kernel Variables.
[[0;32m  OK  [0m] Started Create Static Device Nodes in /dev.
         Starting udev Kernel Device Manager...
[[0;32m  OK  [0m] Started udev Kernel Device Manager.
[[0;32m  OK  [0m] Started Dispatch Password Requests to Console Directory Watch.
[[0;32m  OK  [0m] Started Monitoring of LVM2 mirrors,...ng dmeventd or progress polling.
[[0;32m  OK  [0m] Reached target Local File Systems (Pre).
[[0;32m  OK  [0m] Reached target Local File Systems.
         Starting Commit a transient machine-id on disk...
         Starting LSB: AppArmor initialization...
         Starting Set console font and keymap...
         Starting Tell Plymouth To Write Out Runtime Data...
         Starting Initial cloud-init job (pre-networking)...
         Starting Create Volatile Files and Directories...
[[0;32m  OK  [0m] Found device /dev/ttyS0.
[[0;32m  OK  [0m] Started Commit a transient machine-id on disk.
[[0;32m  OK  [0m] Started Tell Plymouth To Write Out Runtime Data.
[[0;32m  OK  [0m] Started Create Volatile Files and Directories.
         Starting Update UTMP about System Boot/Shutdown...
[[0;32m  OK  [0m] Listening on Load/Save RF Kill Switch Status /dev/rfkill Watch.
[[0;32m  OK  [0m] Started Update UTMP about System Boot/Shutdown.
[[0;32m  OK  [0m] Started Set console font and keymap.
[[0;32m  OK  [0m] Created slice system-getty.slice.
[[0;32m  OK  [0m] Started LSB: AppArmor initialization.
         Starting Load AppArmor profiles managed internally by snapd...
[[0;32m  OK  [0m] Started Load AppArmor profiles managed internally by snapd.
[   12.484469] cloud-init[491]: Cloud-init v. 20.3-2-g371b392c-0ubuntu1~16.04.1 running 'init-local' at Mon, 28 Sep 2020 04:13:57 +0000. Up 11.91 seconds.
[[0;32m  OK  [0m] Started Initial cloud-init job (pre-networking).
[[0;32m  OK  [0m] Reached target Network (Pre).
         Starting Raise network interfaces...
[[0;32m  OK  [0m] Started Raise network interfaces.
         Starting Initial cloud-init job (metadata service crawler)...
[[0;32m  OK  [0m] Reached target Network.
[   15.451930] cloud-init[962]: Cloud-init v. 20.3-2-g371b392c-0ubuntu1~16.04.1 running 'init' at Mon, 28 Sep 2020 04:13:58 +0000. Up 13.38 seconds.
[   15.453952] cloud-init[962]: ci-info: ++++++++++++++++++++++++++++++++++++++Net device info++++++++++++++++++++++++++++++++++++++
[   15.455789] cloud-init[962]: ci-info: +--------+------+----------------------------+---------------+--------+-------------------+
[   15.457676] cloud-init[962]: ci-info: | Device |  Up  |          Address           |      Mask     | Scope  |     Hw-Address    |
[   15.459425] cloud-init[962]: ci-info: +--------+------+----------------------------+---------------+--------+-------------------+
[   15.468284] cloud-init[962]: ci-info: | enp0s3 | True |         10.0.2.15          | 255.255.255.0 | global | 02:8a:e9:cd:da:1d |
[   15.469413] cloud-init[962]: ci-info: | enp0s3 | True | fe80::8a:e9ff:fecd:da1d/64 |       .       |  link  | 02:8a:e9:cd:da:1d |
[   15.470467] cloud-init[962]: ci-info: |   lo   | True |         127.0.0.1          |   255.0.0.0   |  host  |         .         |
[   15.471548] cloud-init[962]: ci-info: |   lo   | True |          ::1/128           |       .       |  host  |         .         |
[   15.480562] cloud-init[962]: ci-info: +--------+------+----------------------------+---------------+--------+-------------------+
[   15.482191] cloud-init[962]: ci-info: +++++++++++++++++++++++++++Route IPv4 info++++++++++++++++++++++++++++
[   15.488635] cloud-init[962]: ci-info: +-------+-------------+----------+---------------+-----------+-------+
[   15.490255] cloud-init[962]: ci-info: | Route | Destination | Gateway  |    Genmask    | Interface | Flags |
[   15.496764] cloud-init[962]: ci-info: +-------+-------------+----------+---------------+-----------+-------+
[   15.498366] cloud-init[962]: ci-info: |   0   |   0.0.0.0   | 10.0.2.2 |    0.0.0.0    |   enp0s3  |   UG  |
[   15.504646] cloud-init[962]: ci-info: |   1   |   10.0.2.0  | 0.0.0.0  | 255.255.255.0 |   enp0s3  |   U   |
[   15.506285] cloud-init[962]: ci-info: +-------+-------------+----------+---------------+-----------+-------+
[   15.507944] cloud-init[962]: ci-info: +++++++++++++++++++Route IPv6 info+++++++++++++++++++
[   15.509589] cloud-init[962]: ci-info: +-------+-------------+---------+-----------+-------+
[   15.511293] cloud-init[962]: ci-info: | Route | Destination | Gateway | Interface | Flags |
[   15.512805] cloud-init[962]: ci-info: +-------+-------------+---------+-----------+-------+
[   15.520388] [cloud-init[0;32m  OK  [0m[962]: ] ci-info: |   0   |  fe80::/64  |    ::   |   enp0s3  |   U   |Started Initial cloud-init job (metadata service crawler).

[   15.521822] cloud-init[962]: ci-info: |   3   |   ff00::/8  |    ::   |   enp0s3  |   U   |[[0;32m  OK  [0m] Reached target Cloud-config availability.
[[0;32m  OK  [0m] Reached target Network is Online.

[   15.523631] cloud-init[962]: ci-info: +-------+-------------+---------+-----------+-------+
[   15.524660] cloud-init[962]: Generating public/private rsa key pair.
[   15.525576] cloud-init[962]: Your identification has been saved in /etc/ssh/ssh_host_rsa_key.
[   15.526643] cloud-init[962]: Your public key has been saved in /etc/ssh/ssh_host_rsa_key.pub.
         Starting iSCSI initiator daemon (iscsid)...
[   15.537498] [[0;32m  OK  [0m] Reached target System Initialization.
cloud-init[962]: The key fingerprint is:
[   15.539120] cloud-init[962]: SHA256:POmxMaiuqfYOrh2UygsRvwVNqsuNOwKfaDAnE4YDETk root@ubuntu-xenial
[   15.540363] cloud-init[962]: The key's randomart image is:
[   15.541273] cloud-init[962]: +---[RSA 2048]----+
[   15.542014] cloud-init[962]: |o+  .            |
[   15.542859] cloud-init[962]: |E  +             |
[   15.543695] cloud-init[962]: |+.o .            |
[   15.544666] cloud-init[962]: |+= o   o .       |
[   15.545560] cloud-init[962]: |+o+ . . S        |
[   15.546364] cloud-init[962]: |O=+o . . *       |
[   15.547174] cloud-init[962]: |*%oo.   o        |         Starting LXD - unix socket.
[[0;32m  OK  [0m] Listening on UUID daemon activation socket.

[   15.548787] cloud-init[962]: |==*+             |
[   15.549575] cloud-init[962]: |B=B+.            |
[   15.550435] cloud-init[962]: +----[SHA256]-----+
[   15.551316] cloud-init[962]: Generating public/private dsa key pair.
[   15.552264] cloud-init[962]: Your identification has been saved in /etc/ssh/ssh_host_dsa_key.
[   15.553336] cloud-init[962]: Your public key has been saved in /etc/ssh/ssh_host_dsa_key.pub.
[   15.554520] [[0;32m  OK  [0m] Started ACPI Events Check.
[[0;32m  OK  [0m] Reached target Paths.
[[0;32m  OK  [0m] Started Daily Cleanup of Temporary Directories.
[[0;32m  OK  [0m] Listening on D-Bus System Message Bus Socket.
[[0;32m  OK  [0m] Started Daily apt download activities.
[[0;32m  OK  [0m] Started Daily apt upgrade and clean activities.
[[0;32m  OK  [0m] Started Message of the Day.
[[0;32m  OK  [0m] Reached target Timers.
cloud-init[962]: The key fingerprint is:         Starting Socket activation for snappy daemon.
[[0;32m  OK  [0m] Listening on ACPID Listen Socket.

[   15.559142] [[0;32m  OK  [0m] Listening on LXD - unix socket.
cloud-init[962]: SHA256:LoNCvSMTeNlg1yQOJuRKdsu/mqngvtn9GSYuvVqTT1Y root@ubuntu-xenial
[[0;32m  OK  [0m] Listening on Socket activation for snappy daemon.
[   15.560675] [[0;32m  OK  [0m] Reached target Sockets.
[[0;32m  OK  [0m] Reached target Basic System.
cloud-init[962]: The key's randomart image is:
[   15.563382] cloud-init[962]: +---[DSA 1024]----+
[   15.564400] cloud-init[962]: |o.o . .          |
[   15.565209] cloud-init[962]: |.o o +           |
[   15.565958] cloud-init[962]: | +o.o .          |
[   15.566735] cloud-init[962]: |+oo*.            |
[   15.567533] cloud-init[962]: |o =oo   SE       |
[   15.568410] cloud-init[962]: | o ..o...        |
[   15.569189] cloud-init[962]: |. + =*o=.        |
[   15.569993] cloud-init[962]: |o o=*oOoo        |
[   15.570808] cloud-init[962]: |.*o*+=o+         |
[   15.571626] cloud-init[962]: +----[SHA256]-----+
[   15.572474] cloud-init[962]: Generating public/private ecdsa key pair.
[   15.573458] cloud-init[962]: Your identification has been saved in /etc/ssh/ssh_host_ecdsa_key.
[   15.574602] cloud-init[962]: Your public key has been saved in /etc/ssh/ssh_host_ecdsa_key.pub.
[   15.575730] cloud-init[962]: The key fingerprint is:
[   15.576618] cloud-init[962]: SHA256:rGhV0tO2GJFwScwpcLloTHvJjiv3gpKiTIr56qBwES4 root@ubuntu-xenial
[   15.577740] cloud-init[962]: The key's randomart image is:
[   15.578568] cloud-init[962]: +---[ECDSA 256]---+
[   15.579378] cloud-init[962]: |    ..o*++       |
[   15.580254] cloud-init[962]: [[0;32m  OK  [0m] Started ACPI event daemon.
|    ..oo*o       |
[   15.581435] cloud-init[962]: |  .o +.+= o      |
[   15.582285] cloud-init[962]: | . .= =+ = .     |
[   15.583087]          Starting LSB: Record successful boot for GRUB...
cloud-init[962]: |E o. +. S .      |
[   15.584555] cloud-init[962]: | . ..o..         |
[   15.585472] cloud-init[962]: |oo..o..          |         Starting System Logging Service...

[   15.586707] cloud-init[962]: |%oo.+            |
[   15.587572] cloud-init[962]: |@*.o o.          |
[   15.588466]          Starting Accounts Service...
cloud-init[962]: +----[SHA256]-----+
         Starting LXD - container startup/shutdown...
[   15.589570] cloud-init[962]: Generating public/private ed25519 key pair.[[0;32m  OK  [0m] Started FUSE filesystem for LXC.

[   15.591321] cloud-init[962]: Your identification has been saved in /etc/ssh/ssh_host_ed25519_key.
[   15.592523] cloud-init[962]: Your public key has been saved in /etc/ssh/ssh_host_ed25519_key.pub.
[[0;32m  OK  [0m] Started Regular background program processing daemon.
         Starting LSB: MD monitoring daemon...
         Starting Login Service...
[[0;32m  OK  [0m] Started D-Bus System Message Bus.
[   15.604897] cloud-init[962]: The key fingerprint is:
[   15.606593] cloud-init[962]: SHA256:KrNbD2zhoocM/dw5zCuZ2IJYKZGI3zA30kREfmogE7Y root@ubuntu-xenial
[   15.607741] cloud-init[962]: The key's randomart image is:
[   15.609115] cloud-init[962]: +--[ED25519 256]--+
[   15.609976] cloud-init[962]: |.. ++            |
[   15.610831] cloud-init[962]: |.....            |
[   15.611655] cloud-init[962]: |=E.o. .          |
[   15.612602] cloud-init[962]: |=o+.+o           |
[   15.613421] cloud-init[962]: | + Bo.. S        |
[   15.614225] cloud-init[962]: |o =..o o         |
[   15.615029] cloud-init[962]: |.* *+*B.         |
[   15.615830] cloud-init[962]: |o =.OB*o         |
[   15.625087] cloud-init[962]: |  .ooo.o.        |
[   15.627039] cloud-init[962]: +----[SHA256]-----+
[[0;32m  OK  [0m] Started Deferred execution scheduler.
         Starting Pollinate to seed the pseudo random number generator...
         Starting Snap Daemon...
         Starting /etc/rc.local Compatibility...
         Starting Virtualbox guest utils...
[[0;32m  OK  [0m] Started System Logging Service.
[[0;32m  OK  [0m] Started Login Service.
[[0;32m  OK  [0m] Started Unattended Upgrades Shutdown.
[[0;32m  OK  [0m] Started /etc/rc.local Compatibility.
[[0;32m  OK  [0m] Started iSCSI initiator daemon (iscsid).
         Starting Login to default iSCSI targets...
[[0;32m  OK  [0m] Started LSB: Record successful boot for GRUB.
         Starting Authenticate and Authorize Users to Run Privileged Tasks...
[[0;32m  OK  [0m] Started LSB: MD monitoring daemon.
[[0;32m  OK  [0m] Started Login to default iSCSI targets.
[[0;32m  OK  [0m] Reached target Remote File Systems (Pre).
[[0;32m  OK  [0m] Reached target Remote File Systems.
         Starting Permit User Sessions...
         Starting LSB: automatic crash report generation...
         Starting LSB: daemon to balance interrupts for SMP systems...
         Starting LSB: Set the CPU Frequency Scaling governor to "ondemand"...
[[0;32m  OK  [0m] Started LSB: Set the CPU Frequency Scaling governor to "ondemand".
[[0;32m  OK  [0m] Started Permit User Sessions.
         Starting Hold until boot process finishes up...
         Starting Terminate Plymouth Boot Screen...
[[0;32m  OK  [0m] Started Hold until boot process finishes up.
[[0;32m  OK  [0m] Started Serial Getty on ttyS0.
[[0;32m  OK  [0m] Started Getty on tty1.
[[0;32m  OK  [0m] Reached target Login Prompts.
         Starting Set console scheme...
[[0;32m  OK  [0m] Started LSB: automatic crash report generation.
[[0;32m  OK  [0m] Started Terminate Plymouth Boot Screen.
[[0;32m  OK  [0m] Started Virtualbox guest utils.
[[0;32m  OK  [0m] Started LSB: daemon to balance interrupts for SMP systems.
[[0;32m  OK  [0m] Started Set console scheme.
[[0;32m  OK  [0m] Started Authenticate and Authorize Users to Run Privileged Tasks.
[[0;32m  OK  [0m] Started Accounts Service.
[[0;32m  OK  [0m] Started LXD - container startup/shutdown.
[[0;32m  OK  [0m] Started Snap Daemon.
         Starting Wait until snapd is fully seeded...
[[0;32m  OK  [0m] Started Pollinate to seed the pseudo random number generator.
         Starting OpenBSD Secure Shell server...
[[0;32m  OK  [0m] Started OpenBSD Secure Shell server.
[[0;32m  OK  [0m] Created slice User Slice of vagrant.
         Starting User Manager for UID 1000...
[[0;32m  OK  [0m] Started Session 1 of user vagrant.
[[0;32m  OK  [0m] Started User Manager for UID 1000.

Ubuntu 16.04.7 LTS ubuntu-xenial ttyS0

ubuntu-xenial login: [   25.020356] cloud-init[1536]: Generating locales (this might take a while)...
[   26.393600] cloud-init[1536]:   en_US.UTF-8... done
[   26.396209] cloud-init[1536]: Generation complete.
[   27.349513] cloud-init[1536]: Cloud-init v. 20.3-2-g371b392c-0ubuntu1~16.04.1 running 'modules:config' at Mon, 28 Sep 2020 04:14:10 +0000. Up 24.80 seconds.
ci-info: no authorized SSH keys fingerprints found for user ubuntu.
<14>Sep 28 04:14:13 ec2: 
<14>Sep 28 04:14:13 ec2: #############################################################
<14>Sep 28 04:14:13 ec2: -----BEGIN SSH HOST KEY FINGERPRINTS-----
<14>Sep 28 04:14:13 ec2: 1024 SHA256:LoNCvSMTeNlg1yQOJuRKdsu/mqngvtn9GSYuvVqTT1Y root@ubuntu-xenial (DSA)
<14>Sep 28 04:14:13 ec2: 256 SHA256:rGhV0tO2GJFwScwpcLloTHvJjiv3gpKiTIr56qBwES4 root@ubuntu-xenial (ECDSA)
<14>Sep 28 04:14:13 ec2: 256 SHA256:KrNbD2zhoocM/dw5zCuZ2IJYKZGI3zA30kREfmogE7Y root@ubuntu-xenial (ED25519)
<14>Sep 28 04:14:13 ec2: 2048 SHA256:POmxMaiuqfYOrh2UygsRvwVNqsuNOwKfaDAnE4YDETk root@ubuntu-xenial (RSA)
<14>Sep 28 04:14:13 ec2: -----END SSH HOST KEY FINGERPRINTS-----
<14>Sep 28 04:14:13 ec2: #############################################################
-----BEGIN SSH HOST KEY KEYS-----
ecdsa-sha2-nistp256 AAAAE2VjZHNhLXNoYTItbmlzdHAyNTYAAAAIbmlzdHAyNTYAAABBBG9S4tmN0LcLjaa+BIIEQcs8aCwniMQY97qhRY2RKo4OAXrTgU2ryPdqffE9c0ewz2vBnePltOnErfqP4l4LYo4= root@ubuntu-xenial
ssh-ed25519 AAAAC3NzaC1lZDI1NTE5AAAAICULQumXUmuRXJbVRKtxVhAmK7JTJgjQ7yHwgz177kFO root@ubuntu-xenial
ssh-rsa AAAAB3NzaC1yc2EAAAADAQABAAABAQDIo6fJ1JKZ120VihfaVYIWKfluN6dxT4LLM9k3JkBxX83nyIxOrwpcZDI6zT7bZW7wEksG4Y+sxe7hRepuj+ss+nHltN6jhIhy8Ou95jAsTnvf/kgOSdXeq9bJbELCTRSeC7r8jlYur5IAOdLbLreLVBgWYcuKmM7xTVPALdufoxY9EvBdCLUbvzNik7qzmmfCZPEhLv5nr16Beg2U4TH1+OrZXlXZLNnz5RLVTIdOfklhtH0TlhYW/1FGBD0Wrv0uJsD385Cg92VbJ+avOv3ghb53gyCgN4uXUR3Ty5ZxHp6+4BSaJ4cyA2SvjEu4gU6ru4gA1tCH9fuu/AmU0nxv root@ubuntu-xenial
-----END SSH HOST KEY KEYS-----
[   28.061323] cloud-init[1759]: Cloud-init v. 20.3-2-g371b392c-0ubuntu1~16.04.1 running 'modules:final' at Mon, 28 Sep 2020 04:14:13 +0000. Up 27.78 seconds.
[   28.061620] cloud-init[1759]: ci-info: no authorized SSH keys fingerprints found for user ubuntu.
[   28.061879] cloud-init[1759]: Cloud-init v. 20.3-2-g371b392c-0ubuntu1~16.04.1 finished at Mon, 28 Sep 2020 04:14:13 +0000. Datasource DataSourceNoCloud [seed=/dev/sdb][dsmode=net].  Up 28.05 seconds
